// Jest Snapshot v1, https://goo.gl/fbAQLP

exports[`App component should render without exploding 1`] = `
<main>
  <header>
    <Typist
      avgTypingDelay={70}
      className=""
      cursor={
        Object {
          "show": false,
        }
      }
      delayGenerator={[Function]}
      onCharacterTyped={[Function]}
      onLineTyped={[Function]}
      onTypingDone={[Function]}
      startDelay={0}
      stdTypingDelay={60}
    >
      <p>
        Hello World
      </p>
    </Typist>
  </header>
  <section>
    <Typist
      avgTypingDelay={40}
      className=""
      cursor={
        Object {
          "show": false,
        }
      }
      delayGenerator={[Function]}
      onCharacterTyped={[Function]}
      onLineTyped={[Function]}
      onTypingDone={[Function]}
      startDelay={0}
      stdTypingDelay={20}
    >
      <Delay
        ms={1400}
      />
      <article>
        <blockquote>
          <p>
            I'm personally convinced that computer science has a lot in common with physics. Both are about how the world works at a rather fundamental level.
          </p>
          <p>
            The difference, of course, is that while in physics you're supposed to figure out how the world is made up, in computer science you create the world.
          </p>
          <p>
            Within the confines of the computer, you are the creator. You get to ultimately control everything that happens. If you're good enough, you can be God. On a small scale.
          </p>
          <cite>
            Linus Torvalds
          </cite>
        </blockquote>
      </article>
      <article>
        <p>
          Hi 👋
        </p>
        <p>
          My name is Alessio Minichiello 😁
        </p>
        <p>
          I am from Genoa 🇮🇹 and currently based in London 🇬🇧
        </p>
        <p>
          I work as Senior Application Engineer at The LEGO® Group 🤓
        </p>
        <p>
          I spend my time:
        </p>
        <ul>
          <li>
            👨‍💻 Writing code
          </li>
          <li>
            🎸 Playing music
          </li>
          <li>
            🌍 Travelling
          </li>
        </ul>
      </article>
      <article>
        <p>
          Find me on the Internet 👀
        </p>
        <ul>
          <li>
            <a
              href="https://twitter.com/_lssmn"
              target="_blank"
            >
              Twitter
            </a>
          </li>
          <li>
            <a
              href="https://github.com/lssmn"
              target="_blank"
            >
              GitHub
            </a>
          </li>
          <li>
            <a
              href="https://www.linkedin.com/in/alessiominichiello"
              target="_blank"
            >
              LinkedIn
            </a>
          </li>
        </ul>
      </article>
      <article>
        <p>
          This page was created with 
          <a
            href="https://github.com/facebook/create-react-app"
            target="_blank"
          >
            create-react-app
          </a>
          . Hosted by 
          <a
            href="https://github.com/lssmn/lssmn.github.io"
            target="_blank"
          >
            GitHub
          </a>
          .
        </p>
        <p>
          Ciao 🤙
        </p>
      </article>
    </Typist>
  </section>
</main>
`;
